// Jest Snapshot v1, https://goo.gl/fbAQLP

exports[`withReactMUIDatatableModel should return default toolbarSelectActions with delete icon if this prop was not received 1`] = `
<button
  className="MuiButtonBase-root-7 MuiIconButton-root-1"
  disabled={false}
  onBlur={[Function]}
  onClick={[Function]}
  onContextMenu={[Function]}
  onFocus={[Function]}
  onKeyDown={[Function]}
  onKeyUp={[Function]}
  onMouseDown={[Function]}
  onMouseLeave={[Function]}
  onMouseUp={[Function]}
  onTouchEnd={[Function]}
  onTouchMove={[Function]}
  onTouchStart={[Function]}
  tabIndex="0"
  type="button"
>
  <span
    className="MuiIconButton-label-6"
  >
    <svg
      aria-hidden="true"
      className="MuiSvgIcon-root-10"
      focusable="false"
      role="presentation"
      viewBox="0 0 24 24"
    >
      <path
        d="M6 19c0 1.1.9 2 2 2h8c1.1 0 2-.9 2-2V7H6v12zM19 4h-3.5l-1-1h-5l-1 1H5v2h14V4z"
      />
      <path
        d="M0 0h24v24H0z"
        fill="none"
      />
    </svg>
  </span>
  <span
    className="MuiTouchRipple-root-19"
  />
</button>
`;
